../Core/Src/flash_manager.c:18:13:initFlashMemoryManager	8	static
../Core/Src/flash_manager.c:30:13:exitFlashMemoryManager	8	static
../Core/Src/flash_manager.c:37:13:writeProgramFlash	32	static,ignoring_inline_asm
../Core/Src/flash_manager.c:51:13:flashWriteByte	16	static,ignoring_inline_asm
../Core/Src/flash_manager.c:69:13:eraseFlashMemorySector	16	static,ignoring_inline_asm
../Core/Src/flash_manager.c:92:13:lockFlashAccess	4	static
../Core/Src/flash_manager.c:99:13:unlockFlashAccess	4	static
../Core/Src/flash_manager.c:108:13:waitForLastOperation	4	static
